Created by PLY version 3.7 (http://www.dabeaz.com/ply)
